{
  "extension" : "ocfl-java-test-storage-layout",
  "description" : "This storage layout is used for testing purposes in ocfl-java"
}