{
  "id" : "o1",
  "type" : "https://ocfl.io/1.1/spec/#inventory",
  "digestAlgorithm" : "sha512",
  "head" : "v2",
  "contentDirectory" : "content",
  "fixity" : { },
  "manifest" : {
    "4cf0ff5673ec65d9900df95502ed92b2605fc602ca20b6901652c7561b302668026095813af6adb0e663bdcdbe1f276d18bf0de254992a78573ad6574e7ae1f6" : [ "v1/content/file2" ],
    "96a26e7629b55187f9ba3edc4acc940495d582093b8a88cb1f0303cf3399fe6b1f5283d76dfd561fc401a0cdf878c5aad9f2d6e7e2d9ceee678757bb5d95c39e" : [ "v1/content/file1" ],
    "aff2318b35d3fbc05670b834b9770fd418e4e1b4adc502e6875d598ab3072ca76667121dac04b694c47c71be80f6d259316c7bd0e19d40827cb3f27ee03aa2fc" : [ "v2/content/file1" ],
    "cb6f4f7b3d3eef05d3d0327335071d14c120e065fa43364690fea47d456e146dd334d78d35f73926067d0bf46f122ea026508954b71e8e25c351ff75c993c2b2" : [ "v2/content/dir1/file3" ]
  },
  "versions" : {
    "v1" : {
      "created" : "2019-08-05T15:57:53Z",
      "message" : "commit message",
      "user" : {
        "name" : "Peter",
        "address" : "peter@example.com"
      },
      "state" : {
        "4cf0ff5673ec65d9900df95502ed92b2605fc602ca20b6901652c7561b302668026095813af6adb0e663bdcdbe1f276d18bf0de254992a78573ad6574e7ae1f6" : [ "file2" ],
        "96a26e7629b55187f9ba3edc4acc940495d582093b8a88cb1f0303cf3399fe6b1f5283d76dfd561fc401a0cdf878c5aad9f2d6e7e2d9ceee678757bb5d95c39e" : [ "file1" ]
      }
    },
    "v2" : {
      "created" : "2019-08-05T15:57:53Z",
      "message" : "second",
      "user" : {
        "name" : "Peter",
        "address" : "peter@example.com"
      },
      "state" : {
        "4cf0ff5673ec65d9900df95502ed92b2605fc602ca20b6901652c7561b302668026095813af6adb0e663bdcdbe1f276d18bf0de254992a78573ad6574e7ae1f6" : [ "file2" ],
        "aff2318b35d3fbc05670b834b9770fd418e4e1b4adc502e6875d598ab3072ca76667121dac04b694c47c71be80f6d259316c7bd0e19d40827cb3f27ee03aa2fc" : [ "file1" ],
        "cb6f4f7b3d3eef05d3d0327335071d14c120e065fa43364690fea47d456e146dd334d78d35f73926067d0bf46f122ea026508954b71e8e25c351ff75c993c2b2" : [ "dir1/file3" ]
      }
    }
  }
}