{
  "id" : "o1",
  "type" : "https://ocfl.io/1.1/spec/#inventory",
  "digestAlgorithm" : "sha512",
  "head" : "v1",
  "contentDirectory" : "content",
  "fixity" : { },
  "manifest" : {
    "96a26e7629b55187f9ba3edc4acc940495d582093b8a88cb1f0303cf3399fe6b1f5283d76dfd561fc401a0cdf878c5aad9f2d6e7e2d9ceee678757bb5d95c39e" : [ "v1/content/file1" ]
  },
  "versions" : {
    "v1" : {
      "created" : "2019-08-05T15:57:53Z",
      "message" : "commit message",
      "user" : {
        "name" : "Peter",
        "address" : "peter@example.com"
      },
      "state" : {
        "96a26e7629b55187f9ba3edc4acc940495d582093b8a88cb1f0303cf3399fe6b1f5283d76dfd561fc401a0cdf878c5aad9f2d6e7e2d9ceee678757bb5d95c39e" : [ "file1" ]
      }
    }
  }
}