{
  "id" : "o1",
  "type" : "https://ocfl.io/1.1/spec/#inventory",
  "digestAlgorithm" : "sha512",
  "head" : "v2",
  "contentDirectory" : "content",
  "fixity" : { },
  "manifest" : {
    "b10ff867df18165a0e100d99cd3d27f845f7ef9ad84eeb627a53aabaea04805940c3693154b8a32541a31887dda9fb1e667e93307473b1c581021714768bd032" : [ "extensions/0005-mutable-head/head/content/r1/dir1/file3" ]
  },
  "versions" : {
    "v1" : {
      "created" : "2019-08-05T15:57:53Z",
      "message" : "Auto-generated empty object version.",
      "user" : {
        "name" : "ocfl-java",
        "address" : "https://github.com/OCFL/ocfl-java"
      },
      "state" : { }
    },
    "v2" : {
      "created" : "2019-08-05T15:57:53Z",
      "message" : "stage 1",
      "user" : {
        "name" : "Peter",
        "address" : "peter@example.com"
      },
      "state" : {
        "b10ff867df18165a0e100d99cd3d27f845f7ef9ad84eeb627a53aabaea04805940c3693154b8a32541a31887dda9fb1e667e93307473b1c581021714768bd032" : [ "dir1/file3", "file4" ]
      }
    }
  }
}