{
  "id" : "o1",
  "type" : "https://ocfl.io/1.1/spec/#inventory",
  "digestAlgorithm" : "sha512",
  "head" : "v2",
  "contentDirectory" : "content",
  "fixity" : { },
  "manifest" : {
    "4cf0ff5673ec65d9900df95502ed92b2605fc602ca20b6901652c7561b302668026095813af6adb0e663bdcdbe1f276d18bf0de254992a78573ad6574e7ae1f6" : [ "v1/content/file2" ],
    "96a26e7629b55187f9ba3edc4acc940495d582093b8a88cb1f0303cf3399fe6b1f5283d76dfd561fc401a0cdf878c5aad9f2d6e7e2d9ceee678757bb5d95c39e" : [ "v1/content/file1" ]
  },
  "versions" : {
    "v1" : {
      "created" : "2019-08-05T15:57:53Z",
      "message" : "1",
      "user" : {
        "name" : "Peter",
        "address" : "peter@example.com"
      },
      "state" : {
        "4cf0ff5673ec65d9900df95502ed92b2605fc602ca20b6901652c7561b302668026095813af6adb0e663bdcdbe1f276d18bf0de254992a78573ad6574e7ae1f6" : [ "file2" ],
        "96a26e7629b55187f9ba3edc4acc940495d582093b8a88cb1f0303cf3399fe6b1f5283d76dfd561fc401a0cdf878c5aad9f2d6e7e2d9ceee678757bb5d95c39e" : [ "file1" ]
      }
    },
    "v2" : {
      "created" : "2019-08-05T15:57:53Z",
      "message" : "2",
      "user" : {
        "name" : "Peter",
        "address" : "peter@example.com"
      },
      "state" : {
        "4cf0ff5673ec65d9900df95502ed92b2605fc602ca20b6901652c7561b302668026095813af6adb0e663bdcdbe1f276d18bf0de254992a78573ad6574e7ae1f6" : [ "file2" ],
        "96a26e7629b55187f9ba3edc4acc940495d582093b8a88cb1f0303cf3399fe6b1f5283d76dfd561fc401a0cdf878c5aad9f2d6e7e2d9ceee678757bb5d95c39e" : [ "file1" ]
      }
    }
  }
}