{
  "id" : "o1",
  "type" : "https://ocfl.io/1.1/spec/#inventory",
  "digestAlgorithm" : "sha512",
  "head" : "v1",
  "contentDirectory" : "content",
  "fixity" : { },
  "manifest" : {
    "b16ed7d24b3ecbd4164dcdad374e08c0ab7518aa07f9d3683f34c2b3c67a15830268cb4a56c1ff6f54c8e54a795f5b87c08668b51f82d0093f7baee7d2981181" : [ "v1/content/backslash\\path\\file" ],
    "cb872de2b8d2509c54344435ce9cb43b4faa27f97d486ff4de35af03e4919fb4ec53267caf8def06ef177d69fe0abab3c12fbdc2f267d895fd07c36a62bff4bf" : [ "v1/content/file" ]
  },
  "versions" : {
    "v1" : {
      "created" : "2019-08-05T15:57:53Z",
      "state" : {
        "b16ed7d24b3ecbd4164dcdad374e08c0ab7518aa07f9d3683f34c2b3c67a15830268cb4a56c1ff6f54c8e54a795f5b87c08668b51f82d0093f7baee7d2981181" : [ "backslash\\path\\file" ],
        "cb872de2b8d2509c54344435ce9cb43b4faa27f97d486ff4de35af03e4919fb4ec53267caf8def06ef177d69fe0abab3c12fbdc2f267d895fd07c36a62bff4bf" : [ "file" ]
      }
    }
  }
}