{
  "id" : "o3",
  "type" : "https://ocfl.io/1.1/spec/#inventory",
  "digestAlgorithm" : "sha512",
  "head" : "v4",
  "contentDirectory" : "content",
  "fixity" : { },
  "manifest" : {
    "2870fe7622f9b84d39acfc3e85b6337f78118ebb207df60d944a11d0b127b20886d2278bd7e7ae728ad1c45136b29fc1efe25222cc3f5e3cb91fbec19edaf199" : [ "v4/content/file5" ],
    "70ffe50550ae07cd0fc154cc1cd3a47b71499b5f67921b52219750441791981fb36476cd478440601bc26da16b28c8a2be4478b36091f2615ac94a575581902c" : [ "v2/content/dir1/file2" ],
    "79c994f97612eb4ee6a3cb1fbbb45278da184ea73bfb483274bb783f0bce6a7bf8dd8cb0d4fc0eb2b065ebd28b2959b59d9a489929edf9ea7db4dcda8a09a76f" : [ "v2/content/file3" ],
    "9c614ba0d58c976d0b39f8f5536eb8af89fae745cbe3783ac2ca3e3055bb0b1e3687417a1d1104288d2883a4368d3dacb9931460c6e523117ff3eaa28810481a" : [ "v1/content/file1" ]
  },
  "versions" : {
    "v1" : {
      "created" : "2019-08-05T15:57:53Z",
      "message" : "commit message",
      "user" : {
        "name" : "Peter",
        "address" : "peter@example.com"
      },
      "state" : {
        "9c614ba0d58c976d0b39f8f5536eb8af89fae745cbe3783ac2ca3e3055bb0b1e3687417a1d1104288d2883a4368d3dacb9931460c6e523117ff3eaa28810481a" : [ "file1" ]
      }
    },
    "v2" : {
      "created" : "2019-08-05T15:57:53Z",
      "message" : "2",
      "user" : {
        "name" : "Peter",
        "address" : "peter@example.com"
      },
      "state" : {
        "70ffe50550ae07cd0fc154cc1cd3a47b71499b5f67921b52219750441791981fb36476cd478440601bc26da16b28c8a2be4478b36091f2615ac94a575581902c" : [ "dir2/file3" ],
        "79c994f97612eb4ee6a3cb1fbbb45278da184ea73bfb483274bb783f0bce6a7bf8dd8cb0d4fc0eb2b065ebd28b2959b59d9a489929edf9ea7db4dcda8a09a76f" : [ "file3" ],
        "9c614ba0d58c976d0b39f8f5536eb8af89fae745cbe3783ac2ca3e3055bb0b1e3687417a1d1104288d2883a4368d3dacb9931460c6e523117ff3eaa28810481a" : [ "file1" ]
      }
    },
    "v3" : {
      "created" : "2019-08-05T15:57:53Z",
      "message" : "3",
      "user" : {
        "name" : "Peter",
        "address" : "peter@example.com"
      },
      "state" : {
        "70ffe50550ae07cd0fc154cc1cd3a47b71499b5f67921b52219750441791981fb36476cd478440601bc26da16b28c8a2be4478b36091f2615ac94a575581902c" : [ "dir2/file3" ],
        "79c994f97612eb4ee6a3cb1fbbb45278da184ea73bfb483274bb783f0bce6a7bf8dd8cb0d4fc0eb2b065ebd28b2959b59d9a489929edf9ea7db4dcda8a09a76f" : [ "file3" ],
        "9c614ba0d58c976d0b39f8f5536eb8af89fae745cbe3783ac2ca3e3055bb0b1e3687417a1d1104288d2883a4368d3dacb9931460c6e523117ff3eaa28810481a" : [ "file1" ]
      }
    },
    "v4" : {
      "created" : "2019-08-05T15:57:53Z",
      "message" : "3",
      "user" : {
        "name" : "Peter",
        "address" : "peter@example.com"
      },
      "state" : {
        "2870fe7622f9b84d39acfc3e85b6337f78118ebb207df60d944a11d0b127b20886d2278bd7e7ae728ad1c45136b29fc1efe25222cc3f5e3cb91fbec19edaf199" : [ "file5" ],
        "70ffe50550ae07cd0fc154cc1cd3a47b71499b5f67921b52219750441791981fb36476cd478440601bc26da16b28c8a2be4478b36091f2615ac94a575581902c" : [ "dir2/file3" ],
        "79c994f97612eb4ee6a3cb1fbbb45278da184ea73bfb483274bb783f0bce6a7bf8dd8cb0d4fc0eb2b065ebd28b2959b59d9a489929edf9ea7db4dcda8a09a76f" : [ "file3" ],
        "9c614ba0d58c976d0b39f8f5536eb8af89fae745cbe3783ac2ca3e3055bb0b1e3687417a1d1104288d2883a4368d3dacb9931460c6e523117ff3eaa28810481a" : [ "file1" ]
      }
    }
  }
}