{
  "id" : "o1",
  "type" : "https://ocfl.io/1.1/spec/#inventory",
  "digestAlgorithm" : "sha512",
  "head" : "v2",
  "contentDirectory" : "content",
  "fixity" : { },
  "manifest" : {
    "3eb3222d4b5629a27dede47a90c7665fcaff1305c2c6c645465edc8278768032ca223f9193f3e9d6bb7a8b950ed284030d256ce1ee33e1de7e9f3e2cb1a834a0" : [ "v2/content/r2/file4" ]
  },
  "versions" : {
    "v1" : {
      "created" : "2019-08-05T15:57:53Z",
      "message" : "Auto-generated empty object version.",
      "user" : {
        "name" : "ocfl-java",
        "address" : "https://github.com/OCFL/ocfl-java"
      },
      "state" : { }
    },
    "v2" : {
      "created" : "2019-08-05T15:57:53Z",
      "message" : "commit",
      "user" : {
        "name" : "Peter",
        "address" : "peter@example.com"
      },
      "state" : {
        "3eb3222d4b5629a27dede47a90c7665fcaff1305c2c6c645465edc8278768032ca223f9193f3e9d6bb7a8b950ed284030d256ce1ee33e1de7e9f3e2cb1a834a0" : [ "file4" ]
      }
    }
  }
}