{
  "id" : "object_1",
  "type" : "https://ocfl.io/1.1/spec/#inventory",
  "digestAlgorithm" : "sha512",
  "head" : "v1",
  "contentDirectory" : "content",
  "fixity" : { },
  "manifest" : { },
  "versions" : {
    "v1" : {
      "created" : "2019-08-05T15:57:53Z",
      "message" : "Auto-generated empty object version.",
      "user" : {
        "name" : "ocfl-java",
        "address" : "https://github.com/OCFL/ocfl-java"
      },
      "state" : { }
    }
  }
}